EN vga_sync NULL /home/ise/ise_vm/VGARAM/PE6/VGA_sync.vhd sub00/vhpl00 1651531115
AR uart_rx behavioral /home/ise/ise_vm/VGARAM/PE6/RX.vhd sub00/vhpl09 1651531124
AR clk12interno behavioral /home/ise/ise_vm/VGARAM/PE6/clk12interno.vhd sub00/vhpl13 1651520066
AR clock25 behavioral /home/ise/ise_vm/VGARAM/PE6/clock25.vhd sub00/vhpl07 1651531122
EN generador_magen NULL /home/ise/ise_vm/VGARAM/PE6/Generador_magen.vhd sub00/vhpl04 1651531119
AR ram ram_a /home/ise/ise_vm/VGARAM/PE6/ipcore_dir/ram.vhd sub00/vhpl17 1651531130
AR generador_magen behavioral /home/ise/ise_vm/VGARAM/PE6/Generador_magen.vhd sub00/vhpl05 1651531120
AR uart behavioral /home/ise/ise_vm/VGARAM/PE6/UART.vhd sub00/vhpl15 1651531128
AR vga_sync behavioral /home/ise/ise_vm/VGARAM/PE6/VGA_sync.vhd sub00/vhpl01 1651531116
AR general behavioral /home/ise/ise_vm/VGARAM/PE6/General.vhd sub00/vhpl25 1651531138
AR rgb behavioral /home/ise/ise_vm/VGARAM/PE6/rgb.vhd sub00/vhpl03 1651531118
EN vga NULL /home/ise/ise_vm/VGARAM/PE6/vga.vhd sub00/vhpl22 1651531135
EN mux_wr NULL /home/ise/ise_vm/VGARAM/PE6/mux_wr.vhd sub00/vhpl20 1651531133
EN general NULL /home/ise/ise_vm/VGARAM/PE6/General.vhd sub00/vhpl24 1651531137
EN clock25 NULL /home/ise/ise_vm/VGARAM/PE6/clock25.vhd sub00/vhpl06 1651531121
AR vga behavioral /home/ise/ise_vm/VGARAM/PE6/vga.vhd sub00/vhpl23 1651531136
EN generador_direccion NULL /home/ise/ise_vm/VGARAM/PE6/generador_direccion.vhd sub00/vhpl18 1651531131
EN clk12interno NULL /home/ise/ise_vm/VGARAM/PE6/clk12interno.vhd sub00/vhpl12 1651520065
AR uart_tx behavioral /home/ise/ise_vm/VGARAM/PE6/TX.vhd sub00/vhpl11 1651531126
AR generador_direccion behavioral /home/ise/ise_vm/VGARAM/PE6/generador_direccion.vhd sub00/vhpl19 1651531132
EN ram NULL /home/ise/ise_vm/VGARAM/PE6/ipcore_dir/ram.vhd sub00/vhpl16 1651531129
EN uart NULL /home/ise/ise_vm/VGARAM/PE6/UART.vhd sub00/vhpl14 1651531127
EN uart_rx NULL /home/ise/ise_vm/VGARAM/PE6/RX.vhd sub00/vhpl08 1651531123
EN rgb NULL /home/ise/ise_vm/VGARAM/PE6/rgb.vhd sub00/vhpl02 1651531117
AR mux_wr behavioral /home/ise/ise_vm/VGARAM/PE6/mux_wr.vhd sub00/vhpl21 1651531134
EN uart_tx NULL /home/ise/ise_vm/VGARAM/PE6/TX.vhd sub00/vhpl10 1651531125
